Isolated validation host: 7.6.6; standard user; no live network acceptance.
GephTun 1.5.0: integrity PASS for 126 files. 249 STATIC checks passed. PowerShell/C# execution and native Windows acceptance were NOT RUN; this is not production qualification.
Running Source in a fresh process...
Running WfpPolicy in a fresh process...
Running Bypasses in a fresh process...
Running Protection in a fresh process...
Running Resilience in a fresh process...
Running Controller in a fresh process...
Running DnsMandatory in a fresh process...
Running BootRecovery in a fresh process...
Running Package in a fresh process...

[32;1mSuite       [0m[32;1m ExitCode[0m[32;1m Result[0m[32;1m Detail[0m[32;1m Receipt                                               [0m[32;1m Log[0m
[32;1m-----       [0m [32;1m--------[0m [32;1m------[0m [32;1m------[0m [32;1m-------                                               [0m [32;1m---[0m
Source              0 PASS          D:\a\_temp\gephtun-validation\suites\Source.json       D:\a\_temp\gephtun-validatio
                                                                                           n\suites\Source.txt
WfpPolicy           0 PASS          D:\a\_temp\gephtun-validation\suites\WfpPolicy.json    D:\a\_temp\gephtun-validatio
                                                                                           n\suites\WfpPolicy.txt
Bypasses            0 PASS          D:\a\_temp\gephtun-validation\suites\Bypasses.json     D:\a\_temp\gephtun-validatio
                                                                                           n\suites\Bypasses.txt
Protection          0 PASS          D:\a\_temp\gephtun-validation\suites\Protection.json   D:\a\_temp\gephtun-validatio
                                                                                           n\suites\Protection.txt
Resilience          0 PASS          D:\a\_temp\gephtun-validation\suites\Resilience.json   D:\a\_temp\gephtun-validatio
                                                                                           n\suites\Resilience.txt
Controller          0 PASS          D:\a\_temp\gephtun-validation\suites\Controller.json   D:\a\_temp\gephtun-validatio
                                                                                           n\suites\Controller.txt
DnsMandatory        0 PASS          D:\a\_temp\gephtun-validation\suites\DnsMandatory.json D:\a\_temp\gephtun-validatio
                                                                                           n\suites\DnsMandatory.txt
BootRecovery        0 PASS          D:\a\_temp\gephtun-validation\suites\BootRecovery.json D:\a\_temp\gephtun-validatio
                                                                                           n\suites\BootRecovery.txt
Package             0 PASS          D:\a\_temp\gephtun-validation\suites\Package.json      D:\a\_temp\gephtun-validatio
                                                                                           n\suites\Package.txt

Results: D:\a\_temp\gephtun-validation\suites
This runner does not alter the bundled historical/static qualification metadata or certify a production release.
